Analysis & Synthesis report for Embertrail_ctrl
Sun Feb 09 15:48:04 2014
Quartus II 64-Bit Version 13.1.0 Build 162 10/23/2013 SJ Web Edition


---------------------
; Table of Contents ;
---------------------
  1. Legal Notice
  2. Analysis & Synthesis Summary
  3. Analysis & Synthesis Settings
  4. Parallel Compilation
  5. Analysis & Synthesis Source Files Read
  6. Analysis & Synthesis Resource Usage Summary
  7. Analysis & Synthesis Resource Utilization by Entity
  8. General Register Statistics
  9. Elapsed Time Per Partition
 10. Analysis & Synthesis Messages



----------------
; Legal Notice ;
----------------
Copyright (C) 1991-2013 Altera Corporation
Your use of Altera Corporation's design tools, logic functions 
and other software and tools, and its AMPP partner logic 
functions, and any output files from any of the foregoing 
(including device programming or simulation files), and any 
associated documentation or information are expressly subject 
to the terms and conditions of the Altera Program License 
Subscription Agreement, Altera MegaCore Function License 
Agreement, or other applicable license agreement, including, 
without limitation, that your use is for the sole purpose of 
programming logic devices manufactured by Altera and sold by 
Altera or its authorized distributors.  Please refer to the 
applicable agreement for further details.



+---------------------------------------------------------------------------------+
; Analysis & Synthesis Summary                                                    ;
+------------------------------------+--------------------------------------------+
; Analysis & Synthesis Status        ; Successful - Sun Feb 09 15:48:04 2014      ;
; Quartus II 64-Bit Version          ; 13.1.0 Build 162 10/23/2013 SJ Web Edition ;
; Revision Name                      ; Embertrail_ctrl                            ;
; Top-level Entity Name              ; Embertrail_ctrl                            ;
; Family                             ; Cyclone III                                ;
; Total logic elements               ; 0                                          ;
;     Total combinational functions  ; 0                                          ;
;     Dedicated logic registers      ; 0                                          ;
; Total registers                    ; 0                                          ;
; Total pins                         ; 49                                         ;
; Total virtual pins                 ; 0                                          ;
; Total memory bits                  ; 0                                          ;
; Embedded Multiplier 9-bit elements ; 0                                          ;
; Total PLLs                         ; 0                                          ;
+------------------------------------+--------------------------------------------+


+----------------------------------------------------------------------------------------------------------------------+
; Analysis & Synthesis Settings                                                                                        ;
+----------------------------------------------------------------------------+--------------------+--------------------+
; Option                                                                     ; Setting            ; Default Value      ;
+----------------------------------------------------------------------------+--------------------+--------------------+
; Device                                                                     ; EP3C16F484C6       ;                    ;
; Top-level entity name                                                      ; Embertrail_ctrl    ; Embertrail_ctrl    ;
; Family name                                                                ; Cyclone III        ; Cyclone IV GX      ;
; Use smart compilation                                                      ; Off                ; Off                ;
; Enable parallel Assembler and TimeQuest Timing Analyzer during compilation ; On                 ; On                 ;
; Enable compact report table                                                ; Off                ; Off                ;
; Restructure Multiplexers                                                   ; Auto               ; Auto               ;
; Create Debugging Nodes for IP Cores                                        ; Off                ; Off                ;
; Preserve fewer node names                                                  ; On                 ; On                 ;
; Disable OpenCore Plus hardware evaluation                                  ; Off                ; Off                ;
; Verilog Version                                                            ; Verilog_2001       ; Verilog_2001       ;
; VHDL Version                                                               ; VHDL_1993          ; VHDL_1993          ;
; State Machine Processing                                                   ; Auto               ; Auto               ;
; Safe State Machine                                                         ; Off                ; Off                ;
; Extract Verilog State Machines                                             ; On                 ; On                 ;
; Extract VHDL State Machines                                                ; On                 ; On                 ;
; Ignore Verilog initial constructs                                          ; Off                ; Off                ;
; Iteration limit for constant Verilog loops                                 ; 5000               ; 5000               ;
; Iteration limit for non-constant Verilog loops                             ; 250                ; 250                ;
; Add Pass-Through Logic to Inferred RAMs                                    ; On                 ; On                 ;
; Infer RAMs from Raw Logic                                                  ; On                 ; On                 ;
; Parallel Synthesis                                                         ; On                 ; On                 ;
; DSP Block Balancing                                                        ; Auto               ; Auto               ;
; NOT Gate Push-Back                                                         ; On                 ; On                 ;
; Power-Up Don't Care                                                        ; On                 ; On                 ;
; Remove Redundant Logic Cells                                               ; Off                ; Off                ;
; Remove Duplicate Registers                                                 ; On                 ; On                 ;
; Ignore CARRY Buffers                                                       ; Off                ; Off                ;
; Ignore CASCADE Buffers                                                     ; Off                ; Off                ;
; Ignore GLOBAL Buffers                                                      ; Off                ; Off                ;
; Ignore ROW GLOBAL Buffers                                                  ; Off                ; Off                ;
; Ignore LCELL Buffers                                                       ; Off                ; Off                ;
; Ignore SOFT Buffers                                                        ; On                 ; On                 ;
; Limit AHDL Integers to 32 Bits                                             ; Off                ; Off                ;
; Optimization Technique                                                     ; Balanced           ; Balanced           ;
; Carry Chain Length                                                         ; 70                 ; 70                 ;
; Auto Carry Chains                                                          ; On                 ; On                 ;
; Auto Open-Drain Pins                                                       ; On                 ; On                 ;
; Perform WYSIWYG Primitive Resynthesis                                      ; Off                ; Off                ;
; Auto ROM Replacement                                                       ; On                 ; On                 ;
; Auto RAM Replacement                                                       ; On                 ; On                 ;
; Auto DSP Block Replacement                                                 ; On                 ; On                 ;
; Auto Shift Register Replacement                                            ; Auto               ; Auto               ;
; Allow Shift Register Merging across Hierarchies                            ; Auto               ; Auto               ;
; Auto Clock Enable Replacement                                              ; On                 ; On                 ;
; Strict RAM Replacement                                                     ; Off                ; Off                ;
; Allow Synchronous Control Signals                                          ; On                 ; On                 ;
; Force Use of Synchronous Clear Signals                                     ; Off                ; Off                ;
; Auto RAM Block Balancing                                                   ; On                 ; On                 ;
; Auto RAM to Logic Cell Conversion                                          ; Off                ; Off                ;
; Auto Resource Sharing                                                      ; Off                ; Off                ;
; Allow Any RAM Size For Recognition                                         ; Off                ; Off                ;
; Allow Any ROM Size For Recognition                                         ; Off                ; Off                ;
; Allow Any Shift Register Size For Recognition                              ; Off                ; Off                ;
; Use LogicLock Constraints during Resource Balancing                        ; On                 ; On                 ;
; Ignore translate_off and synthesis_off directives                          ; Off                ; Off                ;
; Timing-Driven Synthesis                                                    ; On                 ; On                 ;
; Report Parameter Settings                                                  ; On                 ; On                 ;
; Report Source Assignments                                                  ; On                 ; On                 ;
; Report Connectivity Checks                                                 ; On                 ; On                 ;
; Ignore Maximum Fan-Out Assignments                                         ; Off                ; Off                ;
; Synchronization Register Chain Length                                      ; 2                  ; 2                  ;
; PowerPlay Power Optimization                                               ; Normal compilation ; Normal compilation ;
; HDL message level                                                          ; Level2             ; Level2             ;
; Suppress Register Optimization Related Messages                            ; Off                ; Off                ;
; Number of Removed Registers Reported in Synthesis Report                   ; 5000               ; 5000               ;
; Number of Swept Nodes Reported in Synthesis Report                         ; 5000               ; 5000               ;
; Number of Inverted Registers Reported in Synthesis Report                  ; 100                ; 100                ;
; Clock MUX Protection                                                       ; On                 ; On                 ;
; Auto Gated Clock Conversion                                                ; Off                ; Off                ;
; Block Design Naming                                                        ; Auto               ; Auto               ;
; SDC constraint protection                                                  ; Off                ; Off                ;
; Synthesis Effort                                                           ; Auto               ; Auto               ;
; Shift Register Replacement - Allow Asynchronous Clear Signal               ; On                 ; On                 ;
; Pre-Mapping Resynthesis Optimization                                       ; Off                ; Off                ;
; Analysis & Synthesis Message Level                                         ; Medium             ; Medium             ;
; Disable Register Merging Across Hierarchies                                ; Auto               ; Auto               ;
; Resource Aware Inference For Block RAM                                     ; On                 ; On                 ;
; Synthesis Seed                                                             ; 1                  ; 1                  ;
+----------------------------------------------------------------------------+--------------------+--------------------+


Parallel compilation was disabled, but you have multiple processors available. Enable parallel compilation to reduce compilation time.
+-------------------------------------+
; Parallel Compilation                ;
+----------------------------+--------+
; Processors                 ; Number ;
+----------------------------+--------+
; Number detected on machine ; 8      ;
; Maximum allowed            ; 1      ;
+----------------------------+--------+


+---------------------------------------------------------------------------------------------------------------------------------------------------------+
; Analysis & Synthesis Source Files Read                                                                                                                  ;
+----------------------------------+-----------------+------------------------+-----------------------------------------------------------------+---------+
; File Name with User-Entered Path ; Used in Netlist ; File Type              ; File Name with Absolute Path                                    ; Library ;
+----------------------------------+-----------------+------------------------+-----------------------------------------------------------------+---------+
; Embertrail_ctrl.v                ; yes             ; User Verilog HDL File  ; C:/Users/Matt/Desktop/Embertrail/Control unit/Embertrail_ctrl.v ;         ;
; ../RegisterFile/registerFile.v   ; yes             ; User Verilog HDL File  ; C:/Users/Matt/Desktop/Embertrail/RegisterFile/registerFile.v    ;         ;
; ../ALU/alu.v                     ; yes             ; User Verilog HDL File  ; C:/Users/Matt/Desktop/Embertrail/ALU/alu.v                      ;         ;
+----------------------------------+-----------------+------------------------+-----------------------------------------------------------------+---------+


+------------------------------------------------------+
; Analysis & Synthesis Resource Usage Summary          ;
+---------------------------------------------+--------+
; Resource                                    ; Usage  ;
+---------------------------------------------+--------+
;                                             ;        ;
; Total combinational functions               ; 0      ;
; Logic element usage by number of LUT inputs ;        ;
;     -- 4 input functions                    ; 0      ;
;     -- 3 input functions                    ; 0      ;
;     -- <=2 input functions                  ; 0      ;
;                                             ;        ;
; Logic elements by mode                      ;        ;
;     -- normal mode                          ; 0      ;
;     -- arithmetic mode                      ; 0      ;
;                                             ;        ;
; Total registers                             ; 0      ;
;     -- Dedicated logic registers            ; 0      ;
;     -- I/O registers                        ; 0      ;
;                                             ;        ;
; I/O pins                                    ; 49     ;
; Embedded Multiplier 9-bit elements          ; 0      ;
; Maximum fan-out node                        ; iClock ;
; Maximum fan-out                             ; 1      ;
; Total fan-out                               ; 49     ;
; Average fan-out                             ; 0.50   ;
+---------------------------------------------+--------+


+-----------------------------------------------------------------------------------------------------------------------------------------------------------------------------+
; Analysis & Synthesis Resource Utilization by Entity                                                                                                                         ;
+----------------------------+-------------------+--------------+-------------+--------------+---------+-----------+------+--------------+---------------------+--------------+
; Compilation Hierarchy Node ; LC Combinationals ; LC Registers ; Memory Bits ; DSP Elements ; DSP 9x9 ; DSP 18x18 ; Pins ; Virtual Pins ; Full Hierarchy Name ; Library Name ;
+----------------------------+-------------------+--------------+-------------+--------------+---------+-----------+------+--------------+---------------------+--------------+
; |Embertrail_ctrl           ; 0 (0)             ; 0 (0)        ; 0           ; 0            ; 0       ; 0         ; 49   ; 0            ; |Embertrail_ctrl    ; work         ;
+----------------------------+-------------------+--------------+-------------+--------------+---------+-----------+------+--------------+---------------------+--------------+
Note: For table entries with two numbers listed, the numbers in parentheses indicate the number of resources of the given type used by the specific entity alone. The numbers listed outside of parentheses indicate the total resources of the given type used by the specific entity and all of its sub-entities in the hierarchy.


+------------------------------------------------------+
; General Register Statistics                          ;
+----------------------------------------------+-------+
; Statistic                                    ; Value ;
+----------------------------------------------+-------+
; Total registers                              ; 0     ;
; Number of registers using Synchronous Clear  ; 0     ;
; Number of registers using Synchronous Load   ; 0     ;
; Number of registers using Asynchronous Clear ; 0     ;
; Number of registers using Asynchronous Load  ; 0     ;
; Number of registers using Clock Enable       ; 0     ;
; Number of registers using Preset             ; 0     ;
+----------------------------------------------+-------+


+-------------------------------+
; Elapsed Time Per Partition    ;
+----------------+--------------+
; Partition Name ; Elapsed Time ;
+----------------+--------------+
; Top            ; 00:00:00     ;
+----------------+--------------+


+-------------------------------+
; Analysis & Synthesis Messages ;
+-------------------------------+
Info: *******************************************************************
Info: Running Quartus II 64-Bit Analysis & Synthesis
    Info: Version 13.1.0 Build 162 10/23/2013 SJ Web Edition
    Info: Processing started: Sun Feb 09 15:48:00 2014
Info: Command: quartus_map --read_settings_files=on --write_settings_files=off Embertrail_ctrl -c Embertrail_ctrl
Warning (20028): Parallel compilation is not licensed and has been disabled
Info (12021): Found 1 design units, including 1 entities, in source file embertrail_ctrl.v
    Info (12023): Found entity 1: Embertrail_ctrl
Info (12021): Found 1 design units, including 1 entities, in source file /users/matt/desktop/embertrail/registerfile/registerfile.v
    Info (12023): Found entity 1: register_file
Info (12021): Found 1 design units, including 1 entities, in source file /users/matt/desktop/embertrail/alu/alu.v
    Info (12023): Found entity 1: alu
Info (12021): Found 1 design units, including 1 entities, in source file /users/matt/desktop/embertrail/embtertrail_top/embertrail_top.v
    Info (12023): Found entity 1: Embertrail_top
Info (12127): Elaborating entity "Embertrail_ctrl" for the top level hierarchy
Warning (10036): Verilog HDL or VHDL warning at Embertrail_ctrl.v(67): object "dumbWire" assigned a value but never read
Warning (10036): Verilog HDL or VHDL warning at Embertrail_ctrl.v(76): object "extendedInst" assigned a value but never read
Warning (10240): Verilog HDL Always Construct warning at Embertrail_ctrl.v(345): inferring latch(es) for variable "alu2Output", which holds its previous value in one or more paths through the always construct
Info (12128): Elaborating entity "register_file" for hierarchy "register_file:RF"
Warning (10036): Verilog HDL or VHDL warning at registerFile.v(43): object "i" assigned a value but never read
Warning (10030): Net "r_q[0]" at registerFile.v(35) has no driver or initial value, using a default initial value '0'
Info (10041): Inferred latch for "r_d[1][0]" at registerFile.v(82)
Info (10041): Inferred latch for "r_d[1][1]" at registerFile.v(82)
Info (10041): Inferred latch for "r_d[1][2]" at registerFile.v(82)
Info (10041): Inferred latch for "r_d[1][3]" at registerFile.v(82)
Info (10041): Inferred latch for "r_d[1][4]" at registerFile.v(82)
Info (10041): Inferred latch for "r_d[1][5]" at registerFile.v(82)
Info (10041): Inferred latch for "r_d[1][6]" at registerFile.v(82)
Info (10041): Inferred latch for "r_d[1][7]" at registerFile.v(82)
Info (10041): Inferred latch for "r_d[1][8]" at registerFile.v(82)
Info (10041): Inferred latch for "r_d[1][9]" at registerFile.v(82)
Info (10041): Inferred latch for "r_d[1][10]" at registerFile.v(82)
Info (10041): Inferred latch for "r_d[1][11]" at registerFile.v(82)
Info (10041): Inferred latch for "r_d[1][12]" at registerFile.v(82)
Info (10041): Inferred latch for "r_d[1][13]" at registerFile.v(82)
Info (10041): Inferred latch for "r_d[1][14]" at registerFile.v(82)
Info (10041): Inferred latch for "r_d[1][15]" at registerFile.v(82)
Info (10041): Inferred latch for "r_d[2][0]" at registerFile.v(82)
Info (10041): Inferred latch for "r_d[2][1]" at registerFile.v(82)
Info (10041): Inferred latch for "r_d[2][2]" at registerFile.v(82)
Info (10041): Inferred latch for "r_d[2][3]" at registerFile.v(82)
Info (10041): Inferred latch for "r_d[2][4]" at registerFile.v(82)
Info (10041): Inferred latch for "r_d[2][5]" at registerFile.v(82)
Info (10041): Inferred latch for "r_d[2][6]" at registerFile.v(82)
Info (10041): Inferred latch for "r_d[2][7]" at registerFile.v(82)
Info (10041): Inferred latch for "r_d[2][8]" at registerFile.v(82)
Info (10041): Inferred latch for "r_d[2][9]" at registerFile.v(82)
Info (10041): Inferred latch for "r_d[2][10]" at registerFile.v(82)
Info (10041): Inferred latch for "r_d[2][11]" at registerFile.v(82)
Info (10041): Inferred latch for "r_d[2][12]" at registerFile.v(82)
Info (10041): Inferred latch for "r_d[2][13]" at registerFile.v(82)
Info (10041): Inferred latch for "r_d[2][14]" at registerFile.v(82)
Info (10041): Inferred latch for "r_d[2][15]" at registerFile.v(82)
Info (10041): Inferred latch for "r_d[3][0]" at registerFile.v(82)
Info (10041): Inferred latch for "r_d[3][1]" at registerFile.v(82)
Info (10041): Inferred latch for "r_d[3][2]" at registerFile.v(82)
Info (10041): Inferred latch for "r_d[3][3]" at registerFile.v(82)
Info (10041): Inferred latch for "r_d[3][4]" at registerFile.v(82)
Info (10041): Inferred latch for "r_d[3][5]" at registerFile.v(82)
Info (10041): Inferred latch for "r_d[3][6]" at registerFile.v(82)
Info (10041): Inferred latch for "r_d[3][7]" at registerFile.v(82)
Info (10041): Inferred latch for "r_d[3][8]" at registerFile.v(82)
Info (10041): Inferred latch for "r_d[3][9]" at registerFile.v(82)
Info (10041): Inferred latch for "r_d[3][10]" at registerFile.v(82)
Info (10041): Inferred latch for "r_d[3][11]" at registerFile.v(82)
Info (10041): Inferred latch for "r_d[3][12]" at registerFile.v(82)
Info (10041): Inferred latch for "r_d[3][13]" at registerFile.v(82)
Info (10041): Inferred latch for "r_d[3][14]" at registerFile.v(82)
Info (10041): Inferred latch for "r_d[3][15]" at registerFile.v(82)
Info (10041): Inferred latch for "r_d[4][0]" at registerFile.v(82)
Info (10041): Inferred latch for "r_d[4][1]" at registerFile.v(82)
Info (10041): Inferred latch for "r_d[4][2]" at registerFile.v(82)
Info (10041): Inferred latch for "r_d[4][3]" at registerFile.v(82)
Info (10041): Inferred latch for "r_d[4][4]" at registerFile.v(82)
Info (10041): Inferred latch for "r_d[4][5]" at registerFile.v(82)
Info (10041): Inferred latch for "r_d[4][6]" at registerFile.v(82)
Info (10041): Inferred latch for "r_d[4][7]" at registerFile.v(82)
Info (10041): Inferred latch for "r_d[4][8]" at registerFile.v(82)
Info (10041): Inferred latch for "r_d[4][9]" at registerFile.v(82)
Info (10041): Inferred latch for "r_d[4][10]" at registerFile.v(82)
Info (10041): Inferred latch for "r_d[4][11]" at registerFile.v(82)
Info (10041): Inferred latch for "r_d[4][12]" at registerFile.v(82)
Info (10041): Inferred latch for "r_d[4][13]" at registerFile.v(82)
Info (10041): Inferred latch for "r_d[4][14]" at registerFile.v(82)
Info (10041): Inferred latch for "r_d[4][15]" at registerFile.v(82)
Info (10041): Inferred latch for "r_d[5][0]" at registerFile.v(82)
Info (10041): Inferred latch for "r_d[5][1]" at registerFile.v(82)
Info (10041): Inferred latch for "r_d[5][2]" at registerFile.v(82)
Info (10041): Inferred latch for "r_d[5][3]" at registerFile.v(82)
Info (10041): Inferred latch for "r_d[5][4]" at registerFile.v(82)
Info (10041): Inferred latch for "r_d[5][5]" at registerFile.v(82)
Info (10041): Inferred latch for "r_d[5][6]" at registerFile.v(82)
Info (10041): Inferred latch for "r_d[5][7]" at registerFile.v(82)
Info (10041): Inferred latch for "r_d[5][8]" at registerFile.v(82)
Info (10041): Inferred latch for "r_d[5][9]" at registerFile.v(82)
Info (10041): Inferred latch for "r_d[5][10]" at registerFile.v(82)
Info (10041): Inferred latch for "r_d[5][11]" at registerFile.v(82)
Info (10041): Inferred latch for "r_d[5][12]" at registerFile.v(82)
Info (10041): Inferred latch for "r_d[5][13]" at registerFile.v(82)
Info (10041): Inferred latch for "r_d[5][14]" at registerFile.v(82)
Info (10041): Inferred latch for "r_d[5][15]" at registerFile.v(82)
Info (10041): Inferred latch for "r_d[6][0]" at registerFile.v(82)
Info (10041): Inferred latch for "r_d[6][1]" at registerFile.v(82)
Info (10041): Inferred latch for "r_d[6][2]" at registerFile.v(82)
Info (10041): Inferred latch for "r_d[6][3]" at registerFile.v(82)
Info (10041): Inferred latch for "r_d[6][4]" at registerFile.v(82)
Info (10041): Inferred latch for "r_d[6][5]" at registerFile.v(82)
Info (10041): Inferred latch for "r_d[6][6]" at registerFile.v(82)
Info (10041): Inferred latch for "r_d[6][7]" at registerFile.v(82)
Info (10041): Inferred latch for "r_d[6][8]" at registerFile.v(82)
Info (10041): Inferred latch for "r_d[6][9]" at registerFile.v(82)
Info (10041): Inferred latch for "r_d[6][10]" at registerFile.v(82)
Info (10041): Inferred latch for "r_d[6][11]" at registerFile.v(82)
Info (10041): Inferred latch for "r_d[6][12]" at registerFile.v(82)
Info (10041): Inferred latch for "r_d[6][13]" at registerFile.v(82)
Info (10041): Inferred latch for "r_d[6][14]" at registerFile.v(82)
Info (10041): Inferred latch for "r_d[6][15]" at registerFile.v(82)
Info (10041): Inferred latch for "r_d[7][0]" at registerFile.v(82)
Info (10041): Inferred latch for "r_d[7][1]" at registerFile.v(82)
Info (10041): Inferred latch for "r_d[7][2]" at registerFile.v(82)
Info (10041): Inferred latch for "r_d[7][3]" at registerFile.v(82)
Info (10041): Inferred latch for "r_d[7][4]" at registerFile.v(82)
Info (10041): Inferred latch for "r_d[7][5]" at registerFile.v(82)
Info (10041): Inferred latch for "r_d[7][6]" at registerFile.v(82)
Info (10041): Inferred latch for "r_d[7][7]" at registerFile.v(82)
Info (10041): Inferred latch for "r_d[7][8]" at registerFile.v(82)
Info (10041): Inferred latch for "r_d[7][9]" at registerFile.v(82)
Info (10041): Inferred latch for "r_d[7][10]" at registerFile.v(82)
Info (10041): Inferred latch for "r_d[7][11]" at registerFile.v(82)
Info (10041): Inferred latch for "r_d[7][12]" at registerFile.v(82)
Info (10041): Inferred latch for "r_d[7][13]" at registerFile.v(82)
Info (10041): Inferred latch for "r_d[7][14]" at registerFile.v(82)
Info (10041): Inferred latch for "r_d[7][15]" at registerFile.v(82)
Info (10041): Inferred latch for "r_d[8][0]" at registerFile.v(82)
Info (10041): Inferred latch for "r_d[8][1]" at registerFile.v(82)
Info (10041): Inferred latch for "r_d[8][2]" at registerFile.v(82)
Info (10041): Inferred latch for "r_d[8][3]" at registerFile.v(82)
Info (10041): Inferred latch for "r_d[8][4]" at registerFile.v(82)
Info (10041): Inferred latch for "r_d[8][5]" at registerFile.v(82)
Info (10041): Inferred latch for "r_d[8][6]" at registerFile.v(82)
Info (10041): Inferred latch for "r_d[8][7]" at registerFile.v(82)
Info (10041): Inferred latch for "r_d[8][8]" at registerFile.v(82)
Info (10041): Inferred latch for "r_d[8][9]" at registerFile.v(82)
Info (10041): Inferred latch for "r_d[8][10]" at registerFile.v(82)
Info (10041): Inferred latch for "r_d[8][11]" at registerFile.v(82)
Info (10041): Inferred latch for "r_d[8][12]" at registerFile.v(82)
Info (10041): Inferred latch for "r_d[8][13]" at registerFile.v(82)
Info (10041): Inferred latch for "r_d[8][14]" at registerFile.v(82)
Info (10041): Inferred latch for "r_d[8][15]" at registerFile.v(82)
Info (10041): Inferred latch for "r_d[9][0]" at registerFile.v(82)
Info (10041): Inferred latch for "r_d[9][1]" at registerFile.v(82)
Info (10041): Inferred latch for "r_d[9][2]" at registerFile.v(82)
Info (10041): Inferred latch for "r_d[9][3]" at registerFile.v(82)
Info (10041): Inferred latch for "r_d[9][4]" at registerFile.v(82)
Info (10041): Inferred latch for "r_d[9][5]" at registerFile.v(82)
Info (10041): Inferred latch for "r_d[9][6]" at registerFile.v(82)
Info (10041): Inferred latch for "r_d[9][7]" at registerFile.v(82)
Info (10041): Inferred latch for "r_d[9][8]" at registerFile.v(82)
Info (10041): Inferred latch for "r_d[9][9]" at registerFile.v(82)
Info (10041): Inferred latch for "r_d[9][10]" at registerFile.v(82)
Info (10041): Inferred latch for "r_d[9][11]" at registerFile.v(82)
Info (10041): Inferred latch for "r_d[9][12]" at registerFile.v(82)
Info (10041): Inferred latch for "r_d[9][13]" at registerFile.v(82)
Info (10041): Inferred latch for "r_d[9][14]" at registerFile.v(82)
Info (10041): Inferred latch for "r_d[9][15]" at registerFile.v(82)
Info (10041): Inferred latch for "r_d[10][0]" at registerFile.v(82)
Info (10041): Inferred latch for "r_d[10][1]" at registerFile.v(82)
Info (10041): Inferred latch for "r_d[10][2]" at registerFile.v(82)
Info (10041): Inferred latch for "r_d[10][3]" at registerFile.v(82)
Info (10041): Inferred latch for "r_d[10][4]" at registerFile.v(82)
Info (10041): Inferred latch for "r_d[10][5]" at registerFile.v(82)
Info (10041): Inferred latch for "r_d[10][6]" at registerFile.v(82)
Info (10041): Inferred latch for "r_d[10][7]" at registerFile.v(82)
Info (10041): Inferred latch for "r_d[10][8]" at registerFile.v(82)
Info (10041): Inferred latch for "r_d[10][9]" at registerFile.v(82)
Info (10041): Inferred latch for "r_d[10][10]" at registerFile.v(82)
Info (10041): Inferred latch for "r_d[10][11]" at registerFile.v(82)
Info (10041): Inferred latch for "r_d[10][12]" at registerFile.v(82)
Info (10041): Inferred latch for "r_d[10][13]" at registerFile.v(82)
Info (10041): Inferred latch for "r_d[10][14]" at registerFile.v(82)
Info (10041): Inferred latch for "r_d[10][15]" at registerFile.v(82)
Info (10041): Inferred latch for "r_d[11][0]" at registerFile.v(82)
Info (10041): Inferred latch for "r_d[11][1]" at registerFile.v(82)
Info (10041): Inferred latch for "r_d[11][2]" at registerFile.v(82)
Info (10041): Inferred latch for "r_d[11][3]" at registerFile.v(82)
Info (10041): Inferred latch for "r_d[11][4]" at registerFile.v(82)
Info (10041): Inferred latch for "r_d[11][5]" at registerFile.v(82)
Info (10041): Inferred latch for "r_d[11][6]" at registerFile.v(82)
Info (10041): Inferred latch for "r_d[11][7]" at registerFile.v(82)
Info (10041): Inferred latch for "r_d[11][8]" at registerFile.v(82)
Info (10041): Inferred latch for "r_d[11][9]" at registerFile.v(82)
Info (10041): Inferred latch for "r_d[11][10]" at registerFile.v(82)
Info (10041): Inferred latch for "r_d[11][11]" at registerFile.v(82)
Info (10041): Inferred latch for "r_d[11][12]" at registerFile.v(82)
Info (10041): Inferred latch for "r_d[11][13]" at registerFile.v(82)
Info (10041): Inferred latch for "r_d[11][14]" at registerFile.v(82)
Info (10041): Inferred latch for "r_d[11][15]" at registerFile.v(82)
Info (10041): Inferred latch for "r_d[12][0]" at registerFile.v(82)
Info (10041): Inferred latch for "r_d[12][1]" at registerFile.v(82)
Info (10041): Inferred latch for "r_d[12][2]" at registerFile.v(82)
Info (10041): Inferred latch for "r_d[12][3]" at registerFile.v(82)
Info (10041): Inferred latch for "r_d[12][4]" at registerFile.v(82)
Info (10041): Inferred latch for "r_d[12][5]" at registerFile.v(82)
Info (10041): Inferred latch for "r_d[12][6]" at registerFile.v(82)
Info (10041): Inferred latch for "r_d[12][7]" at registerFile.v(82)
Info (10041): Inferred latch for "r_d[12][8]" at registerFile.v(82)
Info (10041): Inferred latch for "r_d[12][9]" at registerFile.v(82)
Info (10041): Inferred latch for "r_d[12][10]" at registerFile.v(82)
Info (10041): Inferred latch for "r_d[12][11]" at registerFile.v(82)
Info (10041): Inferred latch for "r_d[12][12]" at registerFile.v(82)
Info (10041): Inferred latch for "r_d[12][13]" at registerFile.v(82)
Info (10041): Inferred latch for "r_d[12][14]" at registerFile.v(82)
Info (10041): Inferred latch for "r_d[12][15]" at registerFile.v(82)
Info (10041): Inferred latch for "r_d[13][0]" at registerFile.v(82)
Info (10041): Inferred latch for "r_d[13][1]" at registerFile.v(82)
Info (10041): Inferred latch for "r_d[13][2]" at registerFile.v(82)
Info (10041): Inferred latch for "r_d[13][3]" at registerFile.v(82)
Info (10041): Inferred latch for "r_d[13][4]" at registerFile.v(82)
Info (10041): Inferred latch for "r_d[13][5]" at registerFile.v(82)
Info (10041): Inferred latch for "r_d[13][6]" at registerFile.v(82)
Info (10041): Inferred latch for "r_d[13][7]" at registerFile.v(82)
Info (10041): Inferred latch for "r_d[13][8]" at registerFile.v(82)
Info (10041): Inferred latch for "r_d[13][9]" at registerFile.v(82)
Info (10041): Inferred latch for "r_d[13][10]" at registerFile.v(82)
Info (10041): Inferred latch for "r_d[13][11]" at registerFile.v(82)
Info (10041): Inferred latch for "r_d[13][12]" at registerFile.v(82)
Info (10041): Inferred latch for "r_d[13][13]" at registerFile.v(82)
Info (10041): Inferred latch for "r_d[13][14]" at registerFile.v(82)
Info (10041): Inferred latch for "r_d[13][15]" at registerFile.v(82)
Info (10041): Inferred latch for "r_d[14][0]" at registerFile.v(82)
Info (10041): Inferred latch for "r_d[14][1]" at registerFile.v(82)
Info (10041): Inferred latch for "r_d[14][2]" at registerFile.v(82)
Info (10041): Inferred latch for "r_d[14][3]" at registerFile.v(82)
Info (10041): Inferred latch for "r_d[14][4]" at registerFile.v(82)
Info (10041): Inferred latch for "r_d[14][5]" at registerFile.v(82)
Info (10041): Inferred latch for "r_d[14][6]" at registerFile.v(82)
Info (10041): Inferred latch for "r_d[14][7]" at registerFile.v(82)
Info (10041): Inferred latch for "r_d[14][8]" at registerFile.v(82)
Info (10041): Inferred latch for "r_d[14][9]" at registerFile.v(82)
Info (10041): Inferred latch for "r_d[14][10]" at registerFile.v(82)
Info (10041): Inferred latch for "r_d[14][11]" at registerFile.v(82)
Info (10041): Inferred latch for "r_d[14][12]" at registerFile.v(82)
Info (10041): Inferred latch for "r_d[14][13]" at registerFile.v(82)
Info (10041): Inferred latch for "r_d[14][14]" at registerFile.v(82)
Info (10041): Inferred latch for "r_d[14][15]" at registerFile.v(82)
Info (10041): Inferred latch for "r_d[15][0]" at registerFile.v(82)
Info (10041): Inferred latch for "r_d[15][1]" at registerFile.v(82)
Info (10041): Inferred latch for "r_d[15][2]" at registerFile.v(82)
Info (10041): Inferred latch for "r_d[15][3]" at registerFile.v(82)
Info (10041): Inferred latch for "r_d[15][4]" at registerFile.v(82)
Info (10041): Inferred latch for "r_d[15][5]" at registerFile.v(82)
Info (10041): Inferred latch for "r_d[15][6]" at registerFile.v(82)
Info (10041): Inferred latch for "r_d[15][7]" at registerFile.v(82)
Info (10041): Inferred latch for "r_d[15][8]" at registerFile.v(82)
Info (10041): Inferred latch for "r_d[15][9]" at registerFile.v(82)
Info (10041): Inferred latch for "r_d[15][10]" at registerFile.v(82)
Info (10041): Inferred latch for "r_d[15][11]" at registerFile.v(82)
Info (10041): Inferred latch for "r_d[15][12]" at registerFile.v(82)
Info (10041): Inferred latch for "r_d[15][13]" at registerFile.v(82)
Info (10041): Inferred latch for "r_d[15][14]" at registerFile.v(82)
Info (10041): Inferred latch for "r_d[15][15]" at registerFile.v(82)
Info (10041): Inferred latch for "r_d[16][0]" at registerFile.v(82)
Info (10041): Inferred latch for "r_d[16][1]" at registerFile.v(82)
Info (10041): Inferred latch for "r_d[16][2]" at registerFile.v(82)
Info (10041): Inferred latch for "r_d[16][3]" at registerFile.v(82)
Info (10041): Inferred latch for "r_d[16][4]" at registerFile.v(82)
Info (10041): Inferred latch for "r_d[16][5]" at registerFile.v(82)
Info (10041): Inferred latch for "r_d[16][6]" at registerFile.v(82)
Info (10041): Inferred latch for "r_d[16][7]" at registerFile.v(82)
Info (10041): Inferred latch for "r_d[16][8]" at registerFile.v(82)
Info (10041): Inferred latch for "r_d[16][9]" at registerFile.v(82)
Info (10041): Inferred latch for "r_d[16][10]" at registerFile.v(82)
Info (10041): Inferred latch for "r_d[16][11]" at registerFile.v(82)
Info (10041): Inferred latch for "r_d[16][12]" at registerFile.v(82)
Info (10041): Inferred latch for "r_d[16][13]" at registerFile.v(82)
Info (10041): Inferred latch for "r_d[16][14]" at registerFile.v(82)
Info (10041): Inferred latch for "r_d[16][15]" at registerFile.v(82)
Info (10041): Inferred latch for "r_d[17][0]" at registerFile.v(82)
Info (10041): Inferred latch for "r_d[17][1]" at registerFile.v(82)
Info (10041): Inferred latch for "r_d[17][2]" at registerFile.v(82)
Info (10041): Inferred latch for "r_d[17][3]" at registerFile.v(82)
Info (10041): Inferred latch for "r_d[17][4]" at registerFile.v(82)
Info (10041): Inferred latch for "r_d[17][5]" at registerFile.v(82)
Info (10041): Inferred latch for "r_d[17][6]" at registerFile.v(82)
Info (10041): Inferred latch for "r_d[17][7]" at registerFile.v(82)
Info (10041): Inferred latch for "r_d[17][8]" at registerFile.v(82)
Info (10041): Inferred latch for "r_d[17][9]" at registerFile.v(82)
Info (10041): Inferred latch for "r_d[17][10]" at registerFile.v(82)
Info (10041): Inferred latch for "r_d[17][11]" at registerFile.v(82)
Info (10041): Inferred latch for "r_d[17][12]" at registerFile.v(82)
Info (10041): Inferred latch for "r_d[17][13]" at registerFile.v(82)
Info (10041): Inferred latch for "r_d[17][14]" at registerFile.v(82)
Info (10041): Inferred latch for "r_d[17][15]" at registerFile.v(82)
Info (10041): Inferred latch for "r_d[18][0]" at registerFile.v(82)
Info (10041): Inferred latch for "r_d[18][1]" at registerFile.v(82)
Info (10041): Inferred latch for "r_d[18][2]" at registerFile.v(82)
Info (10041): Inferred latch for "r_d[18][3]" at registerFile.v(82)
Info (10041): Inferred latch for "r_d[18][4]" at registerFile.v(82)
Info (10041): Inferred latch for "r_d[18][5]" at registerFile.v(82)
Info (10041): Inferred latch for "r_d[18][6]" at registerFile.v(82)
Info (10041): Inferred latch for "r_d[18][7]" at registerFile.v(82)
Info (10041): Inferred latch for "r_d[18][8]" at registerFile.v(82)
Info (10041): Inferred latch for "r_d[18][9]" at registerFile.v(82)
Info (10041): Inferred latch for "r_d[18][10]" at registerFile.v(82)
Info (10041): Inferred latch for "r_d[18][11]" at registerFile.v(82)
Info (10041): Inferred latch for "r_d[18][12]" at registerFile.v(82)
Info (10041): Inferred latch for "r_d[18][13]" at registerFile.v(82)
Info (10041): Inferred latch for "r_d[18][14]" at registerFile.v(82)
Info (10041): Inferred latch for "r_d[18][15]" at registerFile.v(82)
Info (10041): Inferred latch for "r_d[19][0]" at registerFile.v(82)
Info (10041): Inferred latch for "r_d[19][1]" at registerFile.v(82)
Info (10041): Inferred latch for "r_d[19][2]" at registerFile.v(82)
Info (10041): Inferred latch for "r_d[19][3]" at registerFile.v(82)
Info (10041): Inferred latch for "r_d[19][4]" at registerFile.v(82)
Info (10041): Inferred latch for "r_d[19][5]" at registerFile.v(82)
Info (10041): Inferred latch for "r_d[19][6]" at registerFile.v(82)
Info (10041): Inferred latch for "r_d[19][7]" at registerFile.v(82)
Info (10041): Inferred latch for "r_d[19][8]" at registerFile.v(82)
Info (10041): Inferred latch for "r_d[19][9]" at registerFile.v(82)
Info (10041): Inferred latch for "r_d[19][10]" at registerFile.v(82)
Info (10041): Inferred latch for "r_d[19][11]" at registerFile.v(82)
Info (10041): Inferred latch for "r_d[19][12]" at registerFile.v(82)
Info (10041): Inferred latch for "r_d[19][13]" at registerFile.v(82)
Info (10041): Inferred latch for "r_d[19][14]" at registerFile.v(82)
Info (10041): Inferred latch for "r_d[19][15]" at registerFile.v(82)
Info (10041): Inferred latch for "r_d[20][0]" at registerFile.v(82)
Info (10041): Inferred latch for "r_d[20][1]" at registerFile.v(82)
Info (10041): Inferred latch for "r_d[20][2]" at registerFile.v(82)
Info (10041): Inferred latch for "r_d[20][3]" at registerFile.v(82)
Info (10041): Inferred latch for "r_d[20][4]" at registerFile.v(82)
Info (10041): Inferred latch for "r_d[20][5]" at registerFile.v(82)
Info (10041): Inferred latch for "r_d[20][6]" at registerFile.v(82)
Info (10041): Inferred latch for "r_d[20][7]" at registerFile.v(82)
Info (10041): Inferred latch for "r_d[20][8]" at registerFile.v(82)
Info (10041): Inferred latch for "r_d[20][9]" at registerFile.v(82)
Info (10041): Inferred latch for "r_d[20][10]" at registerFile.v(82)
Info (10041): Inferred latch for "r_d[20][11]" at registerFile.v(82)
Info (10041): Inferred latch for "r_d[20][12]" at registerFile.v(82)
Info (10041): Inferred latch for "r_d[20][13]" at registerFile.v(82)
Info (10041): Inferred latch for "r_d[20][14]" at registerFile.v(82)
Info (10041): Inferred latch for "r_d[20][15]" at registerFile.v(82)
Info (10041): Inferred latch for "r_d[21][0]" at registerFile.v(82)
Info (10041): Inferred latch for "r_d[21][1]" at registerFile.v(82)
Info (10041): Inferred latch for "r_d[21][2]" at registerFile.v(82)
Info (10041): Inferred latch for "r_d[21][3]" at registerFile.v(82)
Info (10041): Inferred latch for "r_d[21][4]" at registerFile.v(82)
Info (10041): Inferred latch for "r_d[21][5]" at registerFile.v(82)
Info (10041): Inferred latch for "r_d[21][6]" at registerFile.v(82)
Info (10041): Inferred latch for "r_d[21][7]" at registerFile.v(82)
Info (10041): Inferred latch for "r_d[21][8]" at registerFile.v(82)
Info (10041): Inferred latch for "r_d[21][9]" at registerFile.v(82)
Info (10041): Inferred latch for "r_d[21][10]" at registerFile.v(82)
Info (10041): Inferred latch for "r_d[21][11]" at registerFile.v(82)
Info (10041): Inferred latch for "r_d[21][12]" at registerFile.v(82)
Info (10041): Inferred latch for "r_d[21][13]" at registerFile.v(82)
Info (10041): Inferred latch for "r_d[21][14]" at registerFile.v(82)
Info (10041): Inferred latch for "r_d[21][15]" at registerFile.v(82)
Info (10041): Inferred latch for "r_d[22][0]" at registerFile.v(82)
Info (10041): Inferred latch for "r_d[22][1]" at registerFile.v(82)
Info (10041): Inferred latch for "r_d[22][2]" at registerFile.v(82)
Info (10041): Inferred latch for "r_d[22][3]" at registerFile.v(82)
Info (10041): Inferred latch for "r_d[22][4]" at registerFile.v(82)
Info (10041): Inferred latch for "r_d[22][5]" at registerFile.v(82)
Info (10041): Inferred latch for "r_d[22][6]" at registerFile.v(82)
Info (10041): Inferred latch for "r_d[22][7]" at registerFile.v(82)
Info (10041): Inferred latch for "r_d[22][8]" at registerFile.v(82)
Info (10041): Inferred latch for "r_d[22][9]" at registerFile.v(82)
Info (10041): Inferred latch for "r_d[22][10]" at registerFile.v(82)
Info (10041): Inferred latch for "r_d[22][11]" at registerFile.v(82)
Info (10041): Inferred latch for "r_d[22][12]" at registerFile.v(82)
Info (10041): Inferred latch for "r_d[22][13]" at registerFile.v(82)
Info (10041): Inferred latch for "r_d[22][14]" at registerFile.v(82)
Info (10041): Inferred latch for "r_d[22][15]" at registerFile.v(82)
Info (10041): Inferred latch for "r_d[23][0]" at registerFile.v(82)
Info (10041): Inferred latch for "r_d[23][1]" at registerFile.v(82)
Info (10041): Inferred latch for "r_d[23][2]" at registerFile.v(82)
Info (10041): Inferred latch for "r_d[23][3]" at registerFile.v(82)
Info (10041): Inferred latch for "r_d[23][4]" at registerFile.v(82)
Info (10041): Inferred latch for "r_d[23][5]" at registerFile.v(82)
Info (10041): Inferred latch for "r_d[23][6]" at registerFile.v(82)
Info (10041): Inferred latch for "r_d[23][7]" at registerFile.v(82)
Info (10041): Inferred latch for "r_d[23][8]" at registerFile.v(82)
Info (10041): Inferred latch for "r_d[23][9]" at registerFile.v(82)
Info (10041): Inferred latch for "r_d[23][10]" at registerFile.v(82)
Info (10041): Inferred latch for "r_d[23][11]" at registerFile.v(82)
Info (10041): Inferred latch for "r_d[23][12]" at registerFile.v(82)
Info (10041): Inferred latch for "r_d[23][13]" at registerFile.v(82)
Info (10041): Inferred latch for "r_d[23][14]" at registerFile.v(82)
Info (10041): Inferred latch for "r_d[23][15]" at registerFile.v(82)
Info (10041): Inferred latch for "r_d[24][0]" at registerFile.v(82)
Info (10041): Inferred latch for "r_d[24][1]" at registerFile.v(82)
Info (10041): Inferred latch for "r_d[24][2]" at registerFile.v(82)
Info (10041): Inferred latch for "r_d[24][3]" at registerFile.v(82)
Info (10041): Inferred latch for "r_d[24][4]" at registerFile.v(82)
Info (10041): Inferred latch for "r_d[24][5]" at registerFile.v(82)
Info (10041): Inferred latch for "r_d[24][6]" at registerFile.v(82)
Info (10041): Inferred latch for "r_d[24][7]" at registerFile.v(82)
Info (10041): Inferred latch for "r_d[24][8]" at registerFile.v(82)
Info (10041): Inferred latch for "r_d[24][9]" at registerFile.v(82)
Info (10041): Inferred latch for "r_d[24][10]" at registerFile.v(82)
Info (10041): Inferred latch for "r_d[24][11]" at registerFile.v(82)
Info (10041): Inferred latch for "r_d[24][12]" at registerFile.v(82)
Info (10041): Inferred latch for "r_d[24][13]" at registerFile.v(82)
Info (10041): Inferred latch for "r_d[24][14]" at registerFile.v(82)
Info (10041): Inferred latch for "r_d[24][15]" at registerFile.v(82)
Info (10041): Inferred latch for "r_d[25][0]" at registerFile.v(82)
Info (10041): Inferred latch for "r_d[25][1]" at registerFile.v(82)
Info (10041): Inferred latch for "r_d[25][2]" at registerFile.v(82)
Info (10041): Inferred latch for "r_d[25][3]" at registerFile.v(82)
Info (10041): Inferred latch for "r_d[25][4]" at registerFile.v(82)
Info (10041): Inferred latch for "r_d[25][5]" at registerFile.v(82)
Info (10041): Inferred latch for "r_d[25][6]" at registerFile.v(82)
Info (10041): Inferred latch for "r_d[25][7]" at registerFile.v(82)
Info (10041): Inferred latch for "r_d[25][8]" at registerFile.v(82)
Info (10041): Inferred latch for "r_d[25][9]" at registerFile.v(82)
Info (10041): Inferred latch for "r_d[25][10]" at registerFile.v(82)
Info (10041): Inferred latch for "r_d[25][11]" at registerFile.v(82)
Info (10041): Inferred latch for "r_d[25][12]" at registerFile.v(82)
Info (10041): Inferred latch for "r_d[25][13]" at registerFile.v(82)
Info (10041): Inferred latch for "r_d[25][14]" at registerFile.v(82)
Info (10041): Inferred latch for "r_d[25][15]" at registerFile.v(82)
Info (10041): Inferred latch for "r_d[26][0]" at registerFile.v(82)
Info (10041): Inferred latch for "r_d[26][1]" at registerFile.v(82)
Info (10041): Inferred latch for "r_d[26][2]" at registerFile.v(82)
Info (10041): Inferred latch for "r_d[26][3]" at registerFile.v(82)
Info (10041): Inferred latch for "r_d[26][4]" at registerFile.v(82)
Info (10041): Inferred latch for "r_d[26][5]" at registerFile.v(82)
Info (10041): Inferred latch for "r_d[26][6]" at registerFile.v(82)
Info (10041): Inferred latch for "r_d[26][7]" at registerFile.v(82)
Info (10041): Inferred latch for "r_d[26][8]" at registerFile.v(82)
Info (10041): Inferred latch for "r_d[26][9]" at registerFile.v(82)
Info (10041): Inferred latch for "r_d[26][10]" at registerFile.v(82)
Info (10041): Inferred latch for "r_d[26][11]" at registerFile.v(82)
Info (10041): Inferred latch for "r_d[26][12]" at registerFile.v(82)
Info (10041): Inferred latch for "r_d[26][13]" at registerFile.v(82)
Info (10041): Inferred latch for "r_d[26][14]" at registerFile.v(82)
Info (10041): Inferred latch for "r_d[26][15]" at registerFile.v(82)
Info (10041): Inferred latch for "r_d[27][0]" at registerFile.v(82)
Info (10041): Inferred latch for "r_d[27][1]" at registerFile.v(82)
Info (10041): Inferred latch for "r_d[27][2]" at registerFile.v(82)
Info (10041): Inferred latch for "r_d[27][3]" at registerFile.v(82)
Info (10041): Inferred latch for "r_d[27][4]" at registerFile.v(82)
Info (10041): Inferred latch for "r_d[27][5]" at registerFile.v(82)
Info (10041): Inferred latch for "r_d[27][6]" at registerFile.v(82)
Info (10041): Inferred latch for "r_d[27][7]" at registerFile.v(82)
Info (10041): Inferred latch for "r_d[27][8]" at registerFile.v(82)
Info (10041): Inferred latch for "r_d[27][9]" at registerFile.v(82)
Info (10041): Inferred latch for "r_d[27][10]" at registerFile.v(82)
Info (10041): Inferred latch for "r_d[27][11]" at registerFile.v(82)
Info (10041): Inferred latch for "r_d[27][12]" at registerFile.v(82)
Info (10041): Inferred latch for "r_d[27][13]" at registerFile.v(82)
Info (10041): Inferred latch for "r_d[27][14]" at registerFile.v(82)
Info (10041): Inferred latch for "r_d[27][15]" at registerFile.v(82)
Info (10041): Inferred latch for "r_d[28][0]" at registerFile.v(82)
Info (10041): Inferred latch for "r_d[28][1]" at registerFile.v(82)
Info (10041): Inferred latch for "r_d[28][2]" at registerFile.v(82)
Info (10041): Inferred latch for "r_d[28][3]" at registerFile.v(82)
Info (10041): Inferred latch for "r_d[28][4]" at registerFile.v(82)
Info (10041): Inferred latch for "r_d[28][5]" at registerFile.v(82)
Info (10041): Inferred latch for "r_d[28][6]" at registerFile.v(82)
Info (10041): Inferred latch for "r_d[28][7]" at registerFile.v(82)
Info (10041): Inferred latch for "r_d[28][8]" at registerFile.v(82)
Info (10041): Inferred latch for "r_d[28][9]" at registerFile.v(82)
Info (10041): Inferred latch for "r_d[28][10]" at registerFile.v(82)
Info (10041): Inferred latch for "r_d[28][11]" at registerFile.v(82)
Info (10041): Inferred latch for "r_d[28][12]" at registerFile.v(82)
Info (10041): Inferred latch for "r_d[28][13]" at registerFile.v(82)
Info (10041): Inferred latch for "r_d[28][14]" at registerFile.v(82)
Info (10041): Inferred latch for "r_d[28][15]" at registerFile.v(82)
Info (10041): Inferred latch for "r_d[29][0]" at registerFile.v(82)
Info (10041): Inferred latch for "r_d[29][1]" at registerFile.v(82)
Info (10041): Inferred latch for "r_d[29][2]" at registerFile.v(82)
Info (10041): Inferred latch for "r_d[29][3]" at registerFile.v(82)
Info (10041): Inferred latch for "r_d[29][4]" at registerFile.v(82)
Info (10041): Inferred latch for "r_d[29][5]" at registerFile.v(82)
Info (10041): Inferred latch for "r_d[29][6]" at registerFile.v(82)
Info (10041): Inferred latch for "r_d[29][7]" at registerFile.v(82)
Info (10041): Inferred latch for "r_d[29][8]" at registerFile.v(82)
Info (10041): Inferred latch for "r_d[29][9]" at registerFile.v(82)
Info (10041): Inferred latch for "r_d[29][10]" at registerFile.v(82)
Info (10041): Inferred latch for "r_d[29][11]" at registerFile.v(82)
Info (10041): Inferred latch for "r_d[29][12]" at registerFile.v(82)
Info (10041): Inferred latch for "r_d[29][13]" at registerFile.v(82)
Info (10041): Inferred latch for "r_d[29][14]" at registerFile.v(82)
Info (10041): Inferred latch for "r_d[29][15]" at registerFile.v(82)
Info (10041): Inferred latch for "r_d[30][0]" at registerFile.v(82)
Info (10041): Inferred latch for "r_d[30][1]" at registerFile.v(82)
Info (10041): Inferred latch for "r_d[30][2]" at registerFile.v(82)
Info (10041): Inferred latch for "r_d[30][3]" at registerFile.v(82)
Info (10041): Inferred latch for "r_d[30][4]" at registerFile.v(82)
Info (10041): Inferred latch for "r_d[30][5]" at registerFile.v(82)
Info (10041): Inferred latch for "r_d[30][6]" at registerFile.v(82)
Info (10041): Inferred latch for "r_d[30][7]" at registerFile.v(82)
Info (10041): Inferred latch for "r_d[30][8]" at registerFile.v(82)
Info (10041): Inferred latch for "r_d[30][9]" at registerFile.v(82)
Info (10041): Inferred latch for "r_d[30][10]" at registerFile.v(82)
Info (10041): Inferred latch for "r_d[30][11]" at registerFile.v(82)
Info (10041): Inferred latch for "r_d[30][12]" at registerFile.v(82)
Info (10041): Inferred latch for "r_d[30][13]" at registerFile.v(82)
Info (10041): Inferred latch for "r_d[30][14]" at registerFile.v(82)
Info (10041): Inferred latch for "r_d[30][15]" at registerFile.v(82)
Info (10041): Inferred latch for "r_d[31][0]" at registerFile.v(82)
Info (10041): Inferred latch for "r_d[31][1]" at registerFile.v(82)
Info (10041): Inferred latch for "r_d[31][2]" at registerFile.v(82)
Info (10041): Inferred latch for "r_d[31][3]" at registerFile.v(82)
Info (10041): Inferred latch for "r_d[31][4]" at registerFile.v(82)
Info (10041): Inferred latch for "r_d[31][5]" at registerFile.v(82)
Info (10041): Inferred latch for "r_d[31][6]" at registerFile.v(82)
Info (10041): Inferred latch for "r_d[31][7]" at registerFile.v(82)
Info (10041): Inferred latch for "r_d[31][8]" at registerFile.v(82)
Info (10041): Inferred latch for "r_d[31][9]" at registerFile.v(82)
Info (10041): Inferred latch for "r_d[31][10]" at registerFile.v(82)
Info (10041): Inferred latch for "r_d[31][11]" at registerFile.v(82)
Info (10041): Inferred latch for "r_d[31][12]" at registerFile.v(82)
Info (10041): Inferred latch for "r_d[31][13]" at registerFile.v(82)
Info (10041): Inferred latch for "r_d[31][14]" at registerFile.v(82)
Info (10041): Inferred latch for "r_d[31][15]" at registerFile.v(82)
Info (12128): Elaborating entity "alu" for hierarchy "alu:A1"
Info (10264): Verilog HDL Case Statement information at alu.v(31): all case item expressions in this case statement are onehot
Info (16010): Generating hard_block partition "hard_block:auto_generated_inst"
    Info (16011): Adding 0 node(s), including 0 DDIO, 0 PLL, 0 transceiver and 0 LCELL
Warning (21074): Design contains 49 input pin(s) that do not drive logic
    Warning (15610): No output dependent on input pin "iClock"
    Warning (15610): No output dependent on input pin "iIR[0]"
    Warning (15610): No output dependent on input pin "iIR[1]"
    Warning (15610): No output dependent on input pin "iIR[2]"
    Warning (15610): No output dependent on input pin "iIR[3]"
    Warning (15610): No output dependent on input pin "iIR[4]"
    Warning (15610): No output dependent on input pin "iIR[5]"
    Warning (15610): No output dependent on input pin "iIR[6]"
    Warning (15610): No output dependent on input pin "iIR[7]"
    Warning (15610): No output dependent on input pin "iIR[8]"
    Warning (15610): No output dependent on input pin "iIR[9]"
    Warning (15610): No output dependent on input pin "iIR[10]"
    Warning (15610): No output dependent on input pin "iIR[11]"
    Warning (15610): No output dependent on input pin "iIR[12]"
    Warning (15610): No output dependent on input pin "iIR[13]"
    Warning (15610): No output dependent on input pin "iIR[14]"
    Warning (15610): No output dependent on input pin "iIR[15]"
    Warning (15610): No output dependent on input pin "iIR[16]"
    Warning (15610): No output dependent on input pin "iIR[17]"
    Warning (15610): No output dependent on input pin "iIR[18]"
    Warning (15610): No output dependent on input pin "iIR[19]"
    Warning (15610): No output dependent on input pin "iIR[20]"
    Warning (15610): No output dependent on input pin "iIR[21]"
    Warning (15610): No output dependent on input pin "iIR[22]"
    Warning (15610): No output dependent on input pin "iIR[23]"
    Warning (15610): No output dependent on input pin "iIR[24]"
    Warning (15610): No output dependent on input pin "iIR[25]"
    Warning (15610): No output dependent on input pin "iIR[26]"
    Warning (15610): No output dependent on input pin "iIR[27]"
    Warning (15610): No output dependent on input pin "iIR[28]"
    Warning (15610): No output dependent on input pin "iIR[29]"
    Warning (15610): No output dependent on input pin "iIR[30]"
    Warning (15610): No output dependent on input pin "iIR[31]"
    Warning (15610): No output dependent on input pin "iPC[0]"
    Warning (15610): No output dependent on input pin "iPC[1]"
    Warning (15610): No output dependent on input pin "iPC[2]"
    Warning (15610): No output dependent on input pin "iPC[3]"
    Warning (15610): No output dependent on input pin "iPC[4]"
    Warning (15610): No output dependent on input pin "iPC[5]"
    Warning (15610): No output dependent on input pin "iPC[6]"
    Warning (15610): No output dependent on input pin "iPC[7]"
    Warning (15610): No output dependent on input pin "iPC[8]"
    Warning (15610): No output dependent on input pin "iPC[9]"
    Warning (15610): No output dependent on input pin "iPC[10]"
    Warning (15610): No output dependent on input pin "iPC[11]"
    Warning (15610): No output dependent on input pin "iPC[12]"
    Warning (15610): No output dependent on input pin "iPC[13]"
    Warning (15610): No output dependent on input pin "iPC[14]"
    Warning (15610): No output dependent on input pin "iPC[15]"
Info (21057): Implemented 49 device resources after synthesis - the final resource count might be different
    Info (21058): Implemented 49 input pins
    Info (21059): Implemented 0 output pins
Info: Quartus II 64-Bit Analysis & Synthesis was successful. 0 errors, 56 warnings
    Info: Peak virtual memory: 471 megabytes
    Info: Processing ended: Sun Feb 09 15:48:04 2014
    Info: Elapsed time: 00:00:04
    Info: Total CPU time (on all processors): 00:00:01


